........................................................................ [ 54%]
.................................................